// Jest Snapshot v1, https://goo.gl/fbAQLP

exports[`Header should render correctly 1`] = `
<header
  className="Header"
>
  <a
    href="/"
  >
    <span
      className="Header__hidden-text"
    >
      Flyscanner
    </span>
    <img
      alt="Flyscanner"
      className="Header__logo-image"
      src="logo.svg"
    />
  </a>
</header>
`;
